// Jest Snapshot v1, https://goo.gl/fbAQLP

exports[`Pruebas del <CounterApp /> Debe mostrar CounterApp correctamente 1`] = `
<div>
  <h1>
    Counter App
  </h1>
  <h2>
    Count: 
    0
  </h2>
  <button
    onClick={[Function]}
  >
    +1
  </button>
  <button
    onClick={[Function]}
  >
    Reset
  </button>
  <button
    onClick={[Function]}
  >
    -1
  </button>
</div>
`;
