// Jest Snapshot v1, https://goo.gl/fbAQLP

exports[`Prueba de GifGrid Probar snapshot  1`] = `
<Fragment>
  <h3>
    vegeta
  </h3>
  <p>
    Loading...
  </p>
  <div
    className="card-grid"
  />
</Fragment>
`;
